I'm sorry, but errors were detected in your script. Please correct the
errors listed below, and try again.


File "game/options.rpy", line 462: unmatched ')'
    """ tiempo_restante - segundos_escribiendo)
                                              ^

Ren'Py Version: Ren'Py 8.5.0.25111603
Thu Nov 20 15:38:59 2025
